| 1 | call | java | fixture.calls | fixture.calls.<anonymous>@Calls.java:37:32 | constructor |  |  | void |  | Calls.java | 37 | 32 | 37 | 37 | java\|constructor\|fixture.calls.<anonymous>@Calls.java:37:32#() |  | constructor | unresolved | 0 | super(...) | no_source_backed_target |
| 1 | call | java | fixture.calls | fixture.calls.<anonymous>@Calls.java:37:32 | method | work | java.lang.String | java.lang.String |  | Calls.java | 38 | 65 | 38 | 83 | java\|method\|fixture.calls.<anonymous>@Calls.java:37:32#work(java.lang.String) |  | virtual | unresolved | 0 | toUpperCase(...) | no_source_backed_target |
| 1 | call | java | fixture.calls | fixture.calls.BaseWorker | constructor | BaseWorker |  | void |  | Calls.java | 8 | 5 | 8 | 14 | java\|constructor\|fixture.calls.BaseWorker#BaseWorker() |  | constructor | unresolved | 0 | super(...) | no_source_backed_target |
| 1 | call | java | fixture.calls | fixture.calls.BaseWorker | constructor | BaseWorker | int | void |  | Calls.java | 9 | 5 | 9 | 14 | java\|constructor\|fixture.calls.BaseWorker#BaseWorker(int) |  | constructor | unresolved | 0 | super(...) | no_source_backed_target |
| 1 | call | java | fixture.calls | fixture.calls.BaseWorker | method | work | java.lang.String | java.lang.String |  | Calls.java | 13 | 16 | 13 | 27 | java\|method\|fixture.calls.BaseWorker#work(java.lang.String) |  | virtual | unresolved | 0 | trim(...) | no_source_backed_target |
| 1 | call | java | fixture.calls | fixture.calls.Calls | constructor | Calls |  | void |  | Calls.java | 32 | 7 | 32 | 11 | java\|constructor\|fixture.calls.Calls#Calls() |  | constructor | unresolved | 0 | super(...) | no_source_backed_target |
| 1 | call | java | fixture.calls | fixture.calls.Calls | method | exercise | fixture.calls.Worker | java.lang.String |  | Calls.java | 37 | 28 | 39 | 9 | java\|method\|fixture.calls.Calls#exercise(fixture.calls.Worker) | java\|constructor\|fixture.calls.<anonymous>@Calls.java:37:32#() | constructor | must | 1 | new (...) |  |
| 1 | call | java | fixture.calls | fixture.calls.Calls | method | exercise | fixture.calls.Worker | java.lang.String |  | Calls.java | 40 | 27 | 40 | 45 | java\|method\|fixture.calls.Calls#exercise(fixture.calls.Worker) | java\|constructor\|java.lang.<anonymous>@Calls.java:40:27#() | constructor | must | 1 | ...->... |  |
| 1 | call | java | fixture.calls | fixture.calls.Calls | method | exercise | fixture.calls.Worker | java.lang.String |  | Calls.java | 41 | 9 | 41 | 20 | java\|method\|fixture.calls.Calls#exercise(fixture.calls.Worker) | java\|method\|java.lang.<anonymous>@Calls.java:40:27#run() | virtual | may | 1 | run(...) |  |
| 1 | call | java | fixture.calls | fixture.calls.Calls | method | exercise | fixture.calls.Worker | java.lang.String |  | Calls.java | 42 | 16 | 42 | 65 | java\|method\|fixture.calls.Calls#exercise(fixture.calls.Worker) | java\|method\|fixture.calls.<anonymous>@Calls.java:37:32#work(java.lang.String) | virtual | may | 3 | work(...) |  |
| 1 | call | java | fixture.calls | fixture.calls.Calls | method | exercise | fixture.calls.Worker | java.lang.String |  | Calls.java | 42 | 16 | 42 | 65 | java\|method\|fixture.calls.Calls#exercise(fixture.calls.Worker) | java\|method\|fixture.calls.BaseWorker#work(java.lang.String) | virtual | may | 3 | work(...) |  |
| 1 | call | java | fixture.calls | fixture.calls.Calls | method | exercise | fixture.calls.Worker | java.lang.String |  | Calls.java | 42 | 16 | 42 | 65 | java\|method\|fixture.calls.Calls#exercise(fixture.calls.Worker) | java\|method\|fixture.calls.FinalWorker#work(java.lang.String) | virtual | may | 3 | work(...) |  |
| 1 | call | java | fixture.calls | fixture.calls.Calls | method | exercise | fixture.calls.Worker | java.lang.String |  | Calls.java | 42 | 28 | 42 | 64 | java\|method\|fixture.calls.Calls#exercise(fixture.calls.Worker) | java\|method\|fixture.calls.<anonymous>@Calls.java:37:32#work(java.lang.String) | virtual | may | 3 | work(...) |  |
| 1 | call | java | fixture.calls | fixture.calls.Calls | method | exercise | fixture.calls.Worker | java.lang.String |  | Calls.java | 42 | 28 | 42 | 64 | java\|method\|fixture.calls.Calls#exercise(fixture.calls.Worker) | java\|method\|fixture.calls.BaseWorker#work(java.lang.String) | virtual | may | 3 | work(...) |  |
| 1 | call | java | fixture.calls | fixture.calls.Calls | method | exercise | fixture.calls.Worker | java.lang.String |  | Calls.java | 42 | 28 | 42 | 64 | java\|method\|fixture.calls.Calls#exercise(fixture.calls.Worker) | java\|method\|fixture.calls.FinalWorker#work(java.lang.String) | virtual | may | 3 | work(...) |  |
| 1 | call | java | fixture.calls | fixture.calls.Calls | method | exercise | fixture.calls.Worker | java.lang.String |  | Calls.java | 42 | 43 | 42 | 63 | java\|method\|fixture.calls.Calls#exercise(fixture.calls.Worker) | java\|method\|fixture.calls.Calls#overloaded(java.lang.String) | static | must | 1 | overloaded(...) |  |
| 1 | call | java | fixture.calls | fixture.calls.Calls | method | overloaded | int | java.lang.String |  | Calls.java | 34 | 50 | 34 | 72 | java\|method\|fixture.calls.Calls#overloaded(int) |  | static | unresolved | 0 | toString(...) | no_source_backed_target |
| 1 | call | java | fixture.calls | fixture.calls.FinalWorker | constructor | FinalWorker |  | void |  | Calls.java | 23 | 9 | 23 | 17 | java\|constructor\|fixture.calls.FinalWorker#FinalWorker() | java\|constructor\|fixture.calls.BaseWorker#BaseWorker(int) | constructor | must | 1 | super(...) |  |
| 1 | call | java | fixture.calls | fixture.calls.FinalWorker | method | work | java.lang.String | java.lang.String |  | Calls.java | 28 | 16 | 28 | 37 | java\|method\|fixture.calls.FinalWorker#work(java.lang.String) | java\|method\|fixture.calls.BaseWorker#inherited(java.lang.String) | super | must | 1 | inherited(...) |  |
| 1 | call | java | java.lang | java.lang.<anonymous>@Calls.java:40:27 | method | run |  | void |  | Calls.java | 40 | 33 | 40 | 45 | java\|method\|java.lang.<anonymous>@Calls.java:40:27#run() | java\|method\|fixture.calls.Calls#overloaded(int) | static | must | 1 | overloaded(...) |  |
| 1 | call | kotlin | fixture.calls | fixture.calls.KotlinCalls | constructor | KotlinCalls |  | void |  | Extensions.kt | 5 | 1 | 7 | 1 | kotlin\|constructor\|fixture.calls.KotlinCalls#KotlinCalls() |  | constructor | unresolved | 0 | super(...) | no_source_backed_target |
| 1 | call | kotlin | fixture.calls | fixture.calls.KotlinCalls | method | exercise | java.lang.String | java.lang.String |  | Extensions.kt | 6 | 43 | 6 | 61 | kotlin\|method\|fixture.calls.KotlinCalls#exercise(java.lang.String) | kotlin\|method\|fixture.calls.ExtensionsKt#decorate(java.lang.String,java.lang.String) | static | must | 1 | decorate(...) |  |
| 1 | call | kotlin | fixture.calls | fixture.calls.KotlinCalls | method | exercise | java.lang.String | java.lang.String |  | Extensions.kt | 6 | 43 | 6 | 68 | kotlin\|method\|fixture.calls.KotlinCalls#exercise(java.lang.String) |  | static | unresolved | 0 | trim(...) | no_source_backed_target |
| 1 | definition | java | fixture.calls | fixture.calls.<anonymous>@Calls.java:37:32 | constructor |  |  | void |  | Calls.java | 37 | 32 | 37 | 37 | java\|constructor\|fixture.calls.<anonymous>@Calls.java:37:32#() |  |  |  | 0 |  |  |
| 1 | definition | java | fixture.calls | fixture.calls.<anonymous>@Calls.java:37:32 | method | work | java.lang.String | java.lang.String |  | Calls.java | 38 | 37 | 38 | 40 | java\|method\|fixture.calls.<anonymous>@Calls.java:37:32#work(java.lang.String) |  |  |  | 0 | work |  |
| 1 | definition | java | fixture.calls | fixture.calls.BaseWorker | constructor | BaseWorker |  | void |  | Calls.java | 8 | 5 | 8 | 14 | java\|constructor\|fixture.calls.BaseWorker#BaseWorker() |  |  |  | 0 | BaseWorker |  |
| 1 | definition | java | fixture.calls | fixture.calls.BaseWorker | constructor | BaseWorker | int | void |  | Calls.java | 9 | 5 | 9 | 14 | java\|constructor\|fixture.calls.BaseWorker#BaseWorker(int) |  |  |  | 0 | BaseWorker |  |
| 1 | definition | java | fixture.calls | fixture.calls.BaseWorker | method | inherited | java.lang.String | java.lang.String |  | Calls.java | 16 | 22 | 16 | 30 | java\|method\|fixture.calls.BaseWorker#inherited(java.lang.String) |  |  |  | 0 | inherited |  |
| 1 | definition | java | fixture.calls | fixture.calls.BaseWorker | method | work | java.lang.String | java.lang.String |  | Calls.java | 12 | 19 | 12 | 22 | java\|method\|fixture.calls.BaseWorker#work(java.lang.String) |  |  |  | 0 | work |  |
| 1 | definition | java | fixture.calls | fixture.calls.Calls | constructor | Calls |  | void |  | Calls.java | 32 | 7 | 32 | 11 | java\|constructor\|fixture.calls.Calls#Calls() |  |  |  | 0 | Calls |  |
| 1 | definition | java | fixture.calls | fixture.calls.Calls | method | exercise | fixture.calls.Worker | java.lang.String |  | Calls.java | 36 | 12 | 36 | 19 | java\|method\|fixture.calls.Calls#exercise(fixture.calls.Worker) |  |  |  | 0 | exercise |  |
| 1 | definition | java | fixture.calls | fixture.calls.Calls | method | overloaded | int | java.lang.String |  | Calls.java | 34 | 19 | 34 | 28 | java\|method\|fixture.calls.Calls#overloaded(int) |  |  |  | 0 | overloaded |  |
| 1 | definition | java | fixture.calls | fixture.calls.Calls | method | overloaded | java.lang.String | java.lang.String |  | Calls.java | 33 | 19 | 33 | 28 | java\|method\|fixture.calls.Calls#overloaded(java.lang.String) |  |  |  | 0 | overloaded |  |
| 1 | definition | java | fixture.calls | fixture.calls.FinalWorker | constructor | FinalWorker |  | void |  | Calls.java | 22 | 5 | 22 | 15 | java\|constructor\|fixture.calls.FinalWorker#FinalWorker() |  |  |  | 0 | FinalWorker |  |
| 1 | definition | java | fixture.calls | fixture.calls.FinalWorker | method | work | java.lang.String | java.lang.String |  | Calls.java | 27 | 19 | 27 | 22 | java\|method\|fixture.calls.FinalWorker#work(java.lang.String) |  |  |  | 0 | work |  |
| 1 | definition | java | fixture.calls | fixture.calls.Worker | method | work | java.lang.String | java.lang.String |  | Calls.java | 4 | 12 | 4 | 15 | java\|method\|fixture.calls.Worker#work(java.lang.String) |  |  |  | 0 | work |  |
| 1 | definition | java | java.lang | java.lang.<anonymous>@Calls.java:40:27 | constructor |  |  | void |  | Calls.java | 40 | 27 | 40 | 45 | java\|constructor\|java.lang.<anonymous>@Calls.java:40:27#() |  |  |  | 0 |  |  |
| 1 | definition | java | java.lang | java.lang.<anonymous>@Calls.java:40:27 | method | run |  | void |  | Calls.java | 40 | 27 | 40 | 45 | java\|method\|java.lang.<anonymous>@Calls.java:40:27#run() |  |  |  | 0 | run |  |
| 1 | definition | kotlin | fixture.calls | fixture.calls.ExtensionsKt | method | decorate | java.lang.String,java.lang.String | java.lang.String |  | Extensions.kt | 3 | 1 | 3 | 59 | kotlin\|method\|fixture.calls.ExtensionsKt#decorate(java.lang.String,java.lang.String) |  |  |  | 0 | decorate |  |
| 1 | definition | kotlin | fixture.calls | fixture.calls.KotlinCalls | constructor | KotlinCalls |  | void |  | Extensions.kt | 5 | 1 | 7 | 1 | kotlin\|constructor\|fixture.calls.KotlinCalls#KotlinCalls() |  |  |  | 0 | KotlinCalls |  |
| 1 | definition | kotlin | fixture.calls | fixture.calls.KotlinCalls | method | exercise | java.lang.String | java.lang.String |  | Extensions.kt | 6 | 5 | 6 | 68 | kotlin\|method\|fixture.calls.KotlinCalls#exercise(java.lang.String) |  |  |  | 0 | exercise |  |
