| 1 | java\|method\|fixture.security.SecurityService#brokenIdentity(java.lang.String,boolean) | 32 | 0 | missing_all_exit_restore | SecurityService.java |
| 1 | java\|method\|fixture.security.SecurityService#nestedIdentity(java.lang.String) | 40 | 0 | missing_all_exit_restore | SecurityService.java |
| 1 | java\|method\|fixture.security.SecurityService#nestedIdentity(java.lang.String) | 41 | 45 | paired_all_exits | SecurityService.java |
| 1 | java\|method\|fixture.security.SecurityService#pairedIdentity(java.lang.String) | 23 | 27 | paired_all_exits | SecurityService.java |
