| 1 | binder_argument_to_sensitive_sink | fixture.security.SecurityService#brokenIdentity(java.lang.String,boolean) | 0 | value |  | SecurityService.java | 31 | 32 | 43 | fixture.security.SecurityService#brokenIdentity(java.lang.String,boolean) | fixture.security.SensitiveStore.writeSecureSetting |  | SecurityService.java | 33 | 9 | 48 | value | value |
| 1 | binder_argument_to_sensitive_sink | fixture.security.SecurityService#guarded(java.lang.String) | 0 | value |  | SecurityService.java | 13 | 25 | 36 | fixture.security.SecurityService#guarded(java.lang.String) | fixture.security.SensitiveStore.writeSecureSetting |  | SecurityService.java | 15 | 9 | 48 | value | value |
| 1 | binder_argument_to_sensitive_sink | fixture.security.SecurityService#pairedIdentity(java.lang.String) | 0 | value |  | SecurityService.java | 22 | 32 | 43 | fixture.security.SecurityService#pairedIdentity(java.lang.String) | fixture.security.SensitiveStore.writeSecureSetting |  | SecurityService.java | 25 | 13 | 52 | value | value |
| 1 | binder_argument_to_sensitive_sink | fixture.security.SecurityService#unguarded(java.lang.String) | 0 | value |  | SecurityService.java | 18 | 27 | 38 | fixture.security.SecurityService#unguarded(java.lang.String) | fixture.security.SensitiveStore.writeSecureSetting |  | SecurityService.java | 19 | 9 | 48 | value | value |
| 1 | binder_argument_to_sensitive_sink | fixture.security.SecurityServiceKt#unguarded(java.lang.String) | 0 | value |  | SecurityServiceKt.kt | 6 | 19 | 31 | fixture.security.SecurityServiceKt#unguarded(java.lang.String) | fixture.security.SensitiveStore.writeSecureSetting |  | SecurityServiceKt.kt | 7 | 24 | 48 | value | value |
