| 1 | binder_argument_to_sensitive_sink | fixture.security.SecurityService#brokenIdentity(java.lang.String,boolean) | 0 | value | fixture.security.SecurityService#brokenIdentity(java.lang.String,boolean) | fixture.security.SensitiveStore.writeSecureSetting | SecurityService.java | 33 | value | value |
| 1 | binder_argument_to_sensitive_sink | fixture.security.SecurityService#guarded(java.lang.String) | 0 | value | fixture.security.SecurityService#guarded(java.lang.String) | fixture.security.SensitiveStore.writeSecureSetting | SecurityService.java | 15 | value | value |
| 1 | binder_argument_to_sensitive_sink | fixture.security.SecurityService#pairedIdentity(java.lang.String) | 0 | value | fixture.security.SecurityService#pairedIdentity(java.lang.String) | fixture.security.SensitiveStore.writeSecureSetting | SecurityService.java | 25 | value | value |
| 1 | binder_argument_to_sensitive_sink | fixture.security.SecurityService#unguarded(java.lang.String) | 0 | value | fixture.security.SecurityService#unguarded(java.lang.String) | fixture.security.SensitiveStore.writeSecureSetting | SecurityService.java | 19 | value | value |
| 1 | binder_argument_to_sensitive_sink | fixture.security.SecurityServiceKt#unguarded(java.lang.String) | 0 | value | fixture.security.SecurityServiceKt#unguarded(java.lang.String) | fixture.security.SensitiveStore.writeSecureSetting | SecurityServiceKt.kt | 7 | value | value |
